============================================================
TAIWAN WEATHER GIS — GATE 3 VERIFICATION RUN (2026-09-23 11:26:49)
============================================================

[Step 1/5] Validating App Code Structure & Dependencies...
  ✓ app.py syntax and compilation verified.

[Step 2/5] Validating Temperature Color Scale & Coordinate Mappings...
  ✓ 9-step color gradient verified: ['#2c7bb6', '#2c7bb6', '#5aa2cf', '#abd9e9', '#7fcdbb']...
  ✓ Confirmed coordinates for all 22 administrative regions.

[Step 3/5] Generating Folium GIS Dark Map with Real SQLite Forecast Data...
  ✓ Loaded 22 real forecast rows for initial map slice.
  ✓ Rendered Folium HTML map successfully (61647 bytes).

[Step 4/5] Verifying 7-Day Trend Aggregation (MinT/MaxT Curves)...
  ✓ 7-Day trend chart data verified for 臺中市 (7 days).

[Step 5/5] Launching Local Streamlit Web Server (app.py) & Verifying HTTP 200...
  Waiting for Streamlit server to start...
  ✓ Streamlit web server started successfully!
  ✓ HTTP Health Check: 200 OK at http://localhost:8501/
  ✓ Temporary test web server shut down cleanly.

============================================================
ALL GATE 3 CRITERIA MET AND VERIFIED SUCCESSFULLY.
GATE 3 = PASS
============================================================